========================================
eSIM报表生成任务开始: 2026-03-09 03:00:01
========================================
============================================================
  eSIM价格对比报表生成工具 - 地区矩阵版
============================================================

🔍 开始搜索eSIM价格数据...

正在搜索: Holafly...
✅ Holafly 搜索完成 (10 条结果)

正在搜索: Airalo...
✅ Airalo 搜索完成 (10 条结果)

正在搜索: Nomad...
✅ Nomad 搜索完成 (10 条结果)

正在搜索: Saily...
✅ Saily 搜索完成 (10 条结果)

正在搜索: MicroEsim...
✅ MicroEsim 搜索完成 (10 条结果)

正在搜索: Ubigi...
✅ Ubigi 搜索完成 (10 条结果)


🌍 开始搜索各地区eSIM价格...

正在搜索: 欧洲 - 西欧...
✅ 西欧 搜索完成 (10 条结果)

正在搜索: 欧洲 - 东欧...
✅ 东欧 搜索完成 (10 条结果)

正在搜索: 欧洲 - 北欧...
✅ 北欧 搜索完成 (10 条结果)

正在搜索: 欧洲 - 南欧...
✅ 南欧 搜索完成 (10 条结果)

正在搜索: 北美 - 美国...
✅ 美国 搜索完成 (10 条结果)

正在搜索: 北美 - 加拿大...
✅ 加拿大 搜索完成 (10 条结果)

正在搜索: 北美 - 墨西哥...
✅ 墨西哥 搜索完成 (10 条结果)

正在搜索: 亚洲 - 东亚...
✅ 东亚 搜索完成 (10 条结果)

正在搜索: 亚洲 - 东南亚...
✅ 东南亚 搜索完成 (10 条结果)

正在搜索: 亚洲 - 南亚...
✅ 南亚 搜索完成 (10 条结果)

正在搜索: 亚洲 - 中东...
✅ 中东 搜索完成 (10 条结果)

正在搜索: 亚洲 - 中亚...
✅ 中亚 搜索完成 (10 条结果)

正在搜索: 大洋洲 - 澳大利亚...
✅ 澳大利亚 搜索完成 (10 条结果)

正在搜索: 大洋洲 - 新西兰...
✅ 新西兰 搜索完成 (10 条结果)

正在搜索: 大洋洲 - 太平洋岛国...
✅ 太平洋岛国 搜索完成 (10 条结果)

正在搜索: 南美 - 巴西...
✅ 巴西 搜索完成 (10 条结果)

正在搜索: 南美 - 阿根廷...
✅ 阿根廷 搜索完成 (10 条结果)

正在搜索: 南美 - 智利...
✅ 智利 搜索完成 (10 条结果)

正在搜索: 南美 - 安第斯地区...
✅ 安第斯地区 搜索完成 (10 条结果)

正在搜索: 非洲 - 北非...
✅ 北非 搜索完成 (10 条结果)

正在搜索: 非洲 - 东非...
✅ 东非 搜索完成 (10 条结果)

正在搜索: 非洲 - 南非...
✅ 南非 搜索完成 (10 条结果)

正在搜索: 非洲 - 西非...
✅ 西非 搜索完成 (10 条结果)


📄 正在生成HTML报表...
✅ HTML报表已生成: /home/sky/tools/sky-doc/esim-price-comparison.html
✅ JSON数据已保存: /home/sky/tools/sky-doc/esim-price-data.json

✨ 完成!

生成的文件:
  - HTML报表: esim-price-comparison.html
  - JSON数据: esim-price-data.json

📊 报表包含: 23 个地区的详细价格矩阵
✅ 报表生成成功
[main 7f79e37] Auto-update: Weekly eSIM price report 2026-03-09
 4 files changed, 1253 insertions(+), 1133 deletions(-)
 create mode 100644 logs/esim-report-20260309.log
To github.com:kongnet/sky-doc.git
   c1df364..7f79e37  main -> main
✅ GitHub推送成功
任务结束: 2026-03-09 03:02:01

