========================================
市值排行榜生成任务开始: 2026-03-11 12:00:02
========================================
🚀 全球市值排行榜生成器 v2.0

════════════════════════════════

🔄 开始并发抓取数据...

✅ 纳斯达克: 10条数据, 耗时0ms
✅ 虚拟币: 10条数据, 耗时1ms
✅ 港股: 10条数据, 耗时1ms
✅ A股: 10条数据, 耗时1ms

📊 数据抓取完成!

🔍 验证数据排序:
  纳斯达克: ✅ 已按市值降序
  虚拟币: ✅ 已按市值降序
  港股: ✅ 已按市值降序
  A股: ✅ 已按市值降序

📝 生成HTML文件...

📊 数据统计:
════════════════════════════════
纳斯达克: $23.79万 (80.2%)
虚拟币: $2.12万 (7.1%)
港股: $5.0k (1.7%)
A股: $3.24万 (10.9%)
────────────────────────────────
总计: $29.65万
════════════════════════════════

✅ 生成完成: marketcap-ranking.html (超紧凑版)
✅ 生成成功
[main 4f63dcf] Auto-update: Market cap ranking
 2 files changed, 37 insertions(+), 1 deletion(-)
 create mode 100644 logs/marketcap-20260311.log
To github.com:kongnet/sky-doc.git
   dd2729d..4f63dcf  main -> main
✅ GitHub推送成功
任务结束: 2026-03-11 12:00:05

